Component: ARM Compiler 5.05 update 2 (build 169) Tool: armlink [4d0f33]

==============================================================================

Section Cross References

    startup_stm32f10x_hd.o(RESET) refers to startup_stm32f10x_hd.o(STACK) for __initial_sp
    startup_stm32f10x_hd.o(RESET) refers to startup_stm32f10x_hd.o(.text) for Reset_Handler
    startup_stm32f10x_hd.o(RESET) refers to stm32f10x_it.o(.text) for NMI_Handler
    startup_stm32f10x_hd.o(.text) refers to system_stm32f10x.o(.text) for SystemInit
    startup_stm32f10x_hd.o(.text) refers to entry.o(.ARM.Collect$$$$00000000) for __main
    system_stm32f10x.o(.text) refers to system_stm32f10x.o(.data) for SystemCoreClock
    stm32f10x_adc.o(.text) refers to stm32f10x_rcc.o(.text) for RCC_APB2PeriphResetCmd
    stm32f10x_bkp.o(.text) refers to stm32f10x_rcc.o(.text) for RCC_BackupResetCmd
    stm32f10x_can.o(.text) refers to stm32f10x_rcc.o(.text) for RCC_APB1PeriphResetCmd
    stm32f10x_cec.o(.text) refers to stm32f10x_rcc.o(.text) for RCC_APB1PeriphResetCmd
    stm32f10x_dac.o(.text) refers to stm32f10x_rcc.o(.text) for RCC_APB1PeriphResetCmd
    stm32f10x_gpio.o(.text) refers to stm32f10x_rcc.o(.text) for RCC_APB2PeriphResetCmd
    stm32f10x_i2c.o(.text) refers to stm32f10x_rcc.o(.text) for RCC_APB1PeriphResetCmd
    stm32f10x_pwr.o(.text) refers to stm32f10x_rcc.o(.text) for RCC_APB1PeriphResetCmd
    stm32f10x_rcc.o(.text) refers to stm32f10x_rcc.o(.data) for APBAHBPrescTable
    stm32f10x_spi.o(.text) refers to stm32f10x_rcc.o(.text) for RCC_APB2PeriphResetCmd
    stm32f10x_tim.o(.text) refers to stm32f10x_rcc.o(.text) for RCC_APB2PeriphResetCmd
    stm32f10x_usart.o(.text) refers to stm32f10x_rcc.o(.text) for RCC_APB2PeriphResetCmd
    stm32f10x_wwdg.o(.text) refers to stm32f10x_rcc.o(.text) for RCC_APB1PeriphResetCmd
    main.o(.text) refers to oled.o(.text) for OLED_Clear
    main.o(.text) refers to delay.o(.text) for delay_ms
    main.o(.text) refers to system.o(.text) for SYSTICK_Config
    main.o(.text) refers to sys.o(.text) for NVIC_Configuration
    main.o(.text) refers to bsp_usart.o(.text) for USART_Config
    main.o(.text) refers to bsp_adc.o(.text) for ADCx_Init
    main.o(.text) refers to ffltui.o(.text) for __aeabi_ui2f
    main.o(.text) refers to fdiv.o(.text) for __aeabi_fdiv
    main.o(.text) refers to f2d.o(.text) for __aeabi_f2d
    main.o(.text) refers to dmul.o(.text) for __aeabi_dmul
    main.o(.text) refers to d2f.o(.text) for __aeabi_d2f
    main.o(.text) refers to dadd.o(.text) for __aeabi_dsub
    main.o(.text) refers to pow.o(i.pow) for pow
    main.o(.text) refers to ffixi.o(.text) for __aeabi_f2iz
    main.o(.text) refers to bsp_adc.o(.data) for ADC_ConvertedValue
    main.o(.text) refers to main.o(.data) for ADC_ConvertedValueLocal
    bsp_adc.o(.text) refers to stm32f10x_rcc.o(.text) for RCC_APB2PeriphClockCmd
    bsp_adc.o(.text) refers to stm32f10x_gpio.o(.text) for GPIO_Init
    bsp_adc.o(.text) refers to stm32f10x_dma.o(.text) for DMA_DeInit
    bsp_adc.o(.text) refers to stm32f10x_adc.o(.text) for ADC_Init
    bsp_adc.o(.text) refers to bsp_adc.o(.data) for ADC_ConvertedValue
    bsp_usart.o(.text) refers to misc.o(.text) for NVIC_PriorityGroupConfig
    bsp_usart.o(.text) refers to stm32f10x_rcc.o(.text) for RCC_APB2PeriphClockCmd
    bsp_usart.o(.text) refers to stm32f10x_gpio.o(.text) for GPIO_Init
    bsp_usart.o(.text) refers to stm32f10x_usart.o(.text) for USART_Init
    adx345.o(.text) refers to iic.o(.text) for IIC_start
    adx345.o(.text) refers to system.o(.text) for SYSTICK_Delay1ms
    adx345.o(.text) refers to f2d.o(.text) for __aeabi_f2d
    adx345.o(.text) refers to fmul.o(.text) for __aeabi_fmul
    adx345.o(.text) refers to fadd.o(.text) for __aeabi_fadd
    adx345.o(.text) refers to sqrt.o(i.sqrt) for sqrt
    adx345.o(.text) refers to ddiv.o(.text) for __aeabi_ddiv
    adx345.o(.text) refers to d2f.o(.text) for __aeabi_d2f
    adx345.o(.text) refers to atan.o(i.atan) for atan
    adx345.o(.text) refers to ffixi.o(.text) for __aeabi_f2iz
    delay.o(.text) refers to misc.o(.text) for SysTick_CLKSourceConfig
    delay.o(.text) refers to system_stm32f10x.o(.data) for SystemCoreClock
    delay.o(.text) refers to delay.o(.data) for fac_us
    iic.o(.text) refers to system.o(.text) for SYSTICK_Delay1us
    oled.o(.text) refers to stm32f10x_gpio.o(.text) for GPIO_SetBits
    oled.o(.text) refers to oled.o(.constdata) for F8X16
    oled.o(.text) refers to stm32f10x_rcc.o(.text) for RCC_APB2PeriphClockCmd
    oled.o(.text) refers to delay.o(.text) for delay_ms
    oled.o(.text) refers to oled.o(.data) for Hzk
    sys.o(.text) refers to misc.o(.text) for NVIC_PriorityGroupConfig
    system.o(.text) refers to stm32f10x_rcc.o(.text) for RCC_DeInit
    atan.o(i.__softfp_atan) refers (Special) to iusefp.o(.text) for __I$use$fp
    atan.o(i.__softfp_atan) refers to atan.o(i.atan) for atan
    atan.o(i.atan) refers (Special) to iusefp.o(.text) for __I$use$fp
    atan.o(i.atan) refers to dunder.o(i.__mathlib_dbl_infnan) for __mathlib_dbl_infnan
    atan.o(i.atan) refers to fpclassify.o(i.__ARM_fpclassify) for __ARM_fpclassify
    atan.o(i.atan) refers to dunder.o(i.__mathlib_dbl_underflow) for __mathlib_dbl_underflow
    atan.o(i.atan) refers to dadd.o(.text) for __aeabi_dadd
    atan.o(i.atan) refers to dscalb.o(.text) for __ARM_scalbn
    atan.o(i.atan) refers to ddiv.o(.text) for __aeabi_ddiv
    atan.o(i.atan) refers to dmul.o(.text) for __aeabi_dmul
    atan.o(i.atan) refers to poly.o(i.__kernel_poly) for __kernel_poly
    atan.o(i.atan) refers to atan.o(.constdata) for .constdata
    atan.o(.constdata) refers (Special) to iusefp.o(.text) for __I$use$fp
    atan_x.o(i.____softfp_atan$lsc) refers (Special) to iusefp.o(.text) for __I$use$fp
    atan_x.o(i.____softfp_atan$lsc) refers to atan_x.o(i.__atan$lsc) for __atan$lsc
    atan_x.o(i.__atan$lsc) refers (Special) to iusefp.o(.text) for __I$use$fp
    atan_x.o(i.__atan$lsc) refers to dunder.o(i.__mathlib_dbl_infnan) for __mathlib_dbl_infnan
    atan_x.o(i.__atan$lsc) refers to dadd.o(.text) for __aeabi_dadd
    atan_x.o(i.__atan$lsc) refers to dscalb.o(.text) for __ARM_scalbn
    atan_x.o(i.__atan$lsc) refers to ddiv.o(.text) for __aeabi_ddiv
    atan_x.o(i.__atan$lsc) refers to dmul.o(.text) for __aeabi_dmul
    atan_x.o(i.__atan$lsc) refers to poly.o(i.__kernel_poly) for __kernel_poly
    atan_x.o(i.__atan$lsc) refers to atan_x.o(.constdata) for .constdata
    atan_x.o(.constdata) refers (Special) to iusefp.o(.text) for __I$use$fp
    pow.o(i.__softfp_pow) refers (Special) to iusefp.o(.text) for __I$use$fp
    pow.o(i.__softfp_pow) refers to pow.o(i.pow) for pow
    pow.o(i.pow) refers (Special) to iusefp.o(.text) for __I$use$fp
    pow.o(i.pow) refers to dunder.o(i.__mathlib_dbl_infnan2) for __mathlib_dbl_infnan2
    pow.o(i.pow) refers to errno.o(i.__set_errno) for __set_errno
    pow.o(i.pow) refers to dunder.o(i.__mathlib_dbl_divzero) for __mathlib_dbl_divzero
    pow.o(i.pow) refers to dunder.o(i.__mathlib_dbl_overflow) for __mathlib_dbl_overflow
    pow.o(i.pow) refers to ddiv.o(.text) for __aeabi_ddiv
    pow.o(i.pow) refers to sqrt.o(i.sqrt) for sqrt
    pow.o(i.pow) refers to dmul.o(.text) for __aeabi_dmul
    pow.o(i.pow) refers to dunder.o(i.__mathlib_dbl_invalid) for __mathlib_dbl_invalid
    pow.o(i.pow) refers to dunder.o(i.__mathlib_dbl_underflow) for __mathlib_dbl_underflow
    pow.o(i.pow) refers to dadd.o(.text) for __aeabi_dsub
    pow.o(i.pow) refers to dscalb.o(.text) for __ARM_scalbn
    pow.o(i.pow) refers to qnan.o(.constdata) for __mathlib_zero
    pow.o(i.pow) refers to poly.o(i.__kernel_poly) for __kernel_poly
    pow.o(i.pow) refers to dflti.o(.text) for __aeabi_i2d
    pow.o(i.pow) refers to cdrcmple.o(.text) for __aeabi_cdrcmple
    pow.o(i.pow) refers to pow.o(.constdata) for .constdata
    pow.o(i.pow) refers to fpclassify.o(i.__ARM_fpclassify) for __ARM_fpclassify
    pow.o(.constdata) refers (Special) to iusefp.o(.text) for __I$use$fp
    pow_x.o(i.____softfp_pow$lsc) refers (Special) to iusefp.o(.text) for __I$use$fp
    pow_x.o(i.____softfp_pow$lsc) refers to pow_x.o(i.__pow$lsc) for __pow$lsc
    pow_x.o(i.__pow$lsc) refers (Special) to iusefp.o(.text) for __I$use$fp
    pow_x.o(i.__pow$lsc) refers to dunder.o(i.__mathlib_dbl_infnan2) for __mathlib_dbl_infnan2
    pow_x.o(i.__pow$lsc) refers to errno.o(i.__set_errno) for __set_errno
    pow_x.o(i.__pow$lsc) refers to ddiv.o(.text) for __aeabi_ddiv
    pow_x.o(i.__pow$lsc) refers to sqrt.o(i.sqrt) for sqrt
    pow_x.o(i.__pow$lsc) refers to dmul.o(.text) for __aeabi_dmul
    pow_x.o(i.__pow$lsc) refers to dflti.o(.text) for __aeabi_i2d
    pow_x.o(i.__pow$lsc) refers to dadd.o(.text) for __aeabi_dsub
    pow_x.o(i.__pow$lsc) refers to dscalb.o(.text) for __ARM_scalbn
    pow_x.o(i.__pow$lsc) refers to qnan.o(.constdata) for __mathlib_zero
    pow_x.o(i.__pow$lsc) refers to pow_x.o(.constdata) for .constdata
    pow_x.o(i.__pow$lsc) refers to poly.o(i.__kernel_poly) for __kernel_poly
    pow_x.o(i.__pow$lsc) refers to cdrcmple.o(.text) for __aeabi_cdrcmple
    pow_x.o(.constdata) refers (Special) to iusefp.o(.text) for __I$use$fp
    sqrt.o(i.__softfp_sqrt) refers (Special) to iusefp.o(.text) for __I$use$fp
    sqrt.o(i.__softfp_sqrt) refers to dsqrt.o(.text) for _dsqrt
    sqrt.o(i.__softfp_sqrt) refers to errno.o(i.__set_errno) for __set_errno
    sqrt.o(i.sqrt) refers (Special) to iusefp.o(.text) for __I$use$fp
    sqrt.o(i.sqrt) refers to dsqrt.o(.text) for _dsqrt
    sqrt.o(i.sqrt) refers to errno.o(i.__set_errno) for __set_errno
    sqrt_x.o(i.____softfp_sqrt$lsc) refers (Special) to iusefp.o(.text) for __I$use$fp
    sqrt_x.o(i.____softfp_sqrt$lsc) refers to cdcmple.o(.text) for __aeabi_cdcmple
    sqrt_x.o(i.____softfp_sqrt$lsc) refers to errno.o(i.__set_errno) for __set_errno
    sqrt_x.o(i.____softfp_sqrt$lsc) refers to dsqrt.o(.text) for _dsqrt
    sqrt_x.o(i.__sqrt$lsc) refers (Special) to iusefp.o(.text) for __I$use$fp
    sqrt_x.o(i.__sqrt$lsc) refers to cdcmple.o(.text) for __aeabi_cdcmple
    sqrt_x.o(i.__sqrt$lsc) refers to errno.o(i.__set_errno) for __set_errno
    sqrt_x.o(i.__sqrt$lsc) refers to dsqrt.o(.text) for _dsqrt
    entry.o(.ARM.Collect$$$$00000000) refers (Special) to entry10a.o(.ARM.Collect$$$$0000000D) for __rt_final_cpp
    entry.o(.ARM.Collect$$$$00000000) refers (Special) to entry11a.o(.ARM.Collect$$$$0000000F) for __rt_final_exit
    entry.o(.ARM.Collect$$$$00000000) refers (Special) to entry7b.o(.ARM.Collect$$$$00000008) for _main_clock
    entry.o(.ARM.Collect$$$$00000000) refers (Special) to entry8b.o(.ARM.Collect$$$$0000000A) for _main_cpp_init
    entry.o(.ARM.Collect$$$$00000000) refers (Special) to entry9a.o(.ARM.Collect$$$$0000000B) for _main_init
    entry.o(.ARM.Collect$$$$00000000) refers (Special) to entry5.o(.ARM.Collect$$$$00000004) for _main_scatterload
    entry.o(.ARM.Collect$$$$00000000) refers (Special) to entry2.o(.ARM.Collect$$$$00000001) for _main_stk
    fadd.o(.text) refers (Special) to iusefp.o(.text) for __I$use$fp
    fadd.o(.text) refers to fepilogue.o(.text) for _float_epilogue
    fmul.o(.text) refers (Special) to iusefp.o(.text) for __I$use$fp
    fdiv.o(.text) refers (Special) to iusefp.o(.text) for __I$use$fp
    fdiv.o(.text) refers to fepilogue.o(.text) for _float_round
    dadd.o(.text) refers (Special) to iusefp.o(.text) for __I$use$fp
    dadd.o(.text) refers to llshl.o(.text) for __aeabi_llsl
    dadd.o(.text) refers to llsshr.o(.text) for __aeabi_lasr
    dadd.o(.text) refers to depilogue.o(.text) for _double_epilogue
    dmul.o(.text) refers (Special) to iusefp.o(.text) for __I$use$fp
    dmul.o(.text) refers to depilogue.o(.text) for _double_epilogue
    ddiv.o(.text) refers (Special) to iusefp.o(.text) for __I$use$fp
    ddiv.o(.text) refers to depilogue.o(.text) for _double_round
    ffltui.o(.text) refers (Special) to iusefp.o(.text) for __I$use$fp
    ffltui.o(.text) refers to fepilogue.o(.text) for _float_epilogue
    ffixi.o(.text) refers (Special) to iusefp.o(.text) for __I$use$fp
    f2d.o(.text) refers (Special) to iusefp.o(.text) for __I$use$fp
    d2f.o(.text) refers (Special) to iusefp.o(.text) for __I$use$fp
    d2f.o(.text) refers to fepilogue.o(.text) for _float_round
    dunder.o(i.__mathlib_dbl_divzero) refers to ddiv.o(.text) for __aeabi_ddiv
    dunder.o(i.__mathlib_dbl_infnan) refers to dscalb.o(.text) for __ARM_scalbn
    dunder.o(i.__mathlib_dbl_infnan2) refers to dadd.o(.text) for __aeabi_dadd
    dunder.o(i.__mathlib_dbl_invalid) refers to ddiv.o(.text) for __aeabi_ddiv
    dunder.o(i.__mathlib_dbl_overflow) refers to dscalb.o(.text) for __ARM_scalbn
    dunder.o(i.__mathlib_dbl_posinfnan) refers to dmul.o(.text) for __aeabi_dmul
    dunder.o(i.__mathlib_dbl_underflow) refers to dscalb.o(.text) for __ARM_scalbn
    fpclassify.o(i.__ARM_fpclassify) refers (Special) to iusefp.o(.text) for __I$use$fp
    poly.o(i.__kernel_poly) refers (Special) to iusefp.o(.text) for __I$use$fp
    poly.o(i.__kernel_poly) refers to dmul.o(.text) for __aeabi_dmul
    poly.o(i.__kernel_poly) refers to dadd.o(.text) for __aeabi_dadd
    qnan.o(.constdata) refers (Special) to iusefp.o(.text) for __I$use$fp
    entry2.o(.ARM.Collect$$$$00000001) refers to entry2.o(.ARM.Collect$$$$00002712) for __lit__00000000
    entry2.o(.ARM.Collect$$$$00002712) refers to startup_stm32f10x_hd.o(STACK) for __initial_sp
    entry2.o(__vectab_stack_and_reset_area) refers to startup_stm32f10x_hd.o(STACK) for __initial_sp
    entry2.o(__vectab_stack_and_reset_area) refers to entry.o(.ARM.Collect$$$$00000000) for __main
    entry5.o(.ARM.Collect$$$$00000004) refers to init.o(.text) for __scatterload
    entry9a.o(.ARM.Collect$$$$0000000B) refers to main.o(.text) for main
    entry9b.o(.ARM.Collect$$$$0000000C) refers to main.o(.text) for main
    errno.o(i.__aeabi_errno_addr) refers to errno.o(.data) for .data
    errno.o(i.__read_errno) refers to errno.o(.data) for .data
    errno.o(i.__set_errno) refers to errno.o(.data) for .data
    depilogue.o(.text) refers to llshl.o(.text) for __aeabi_llsl
    depilogue.o(.text) refers to llushr.o(.text) for __aeabi_llsr
    dsqrt.o(.text) refers to llushr.o(.text) for __aeabi_llsr
    dsqrt.o(.text) refers to depilogue.o(.text) for _double_round
    dflti.o(.text) refers to depilogue.o(.text) for _double_epilogue
    init.o(.text) refers to entry5.o(.ARM.Collect$$$$00000004) for __main_after_scatterload


==============================================================================

Removing Unused input sections from the image.

    Removing startup_stm32f10x_hd.o(HEAP), (512 bytes).
    Removing core_cm3.o(.emb_text), (32 bytes).
    Removing stm32f10x_bkp.o(.text), (196 bytes).
    Removing stm32f10x_can.o(.text), (2544 bytes).
    Removing stm32f10x_cec.o(.text), (288 bytes).
    Removing stm32f10x_crc.o(.text), (72 bytes).
    Removing stm32f10x_dac.o(.text), (396 bytes).
    Removing stm32f10x_dbgmcu.o(.text), (48 bytes).
    Removing stm32f10x_exti.o(.text), (284 bytes).
    Removing stm32f10x_flash.o(.text), (1468 bytes).
    Removing stm32f10x_fsmc.o(.text), (1548 bytes).
    Removing stm32f10x_i2c.o(.text), (1028 bytes).
    Removing stm32f10x_iwdg.o(.text), (64 bytes).
    Removing stm32f10x_pwr.o(.text), (204 bytes).
    Removing stm32f10x_rtc.o(.text), (328 bytes).
    Removing stm32f10x_sdio.o(.text), (468 bytes).
    Removing stm32f10x_spi.o(.text), (780 bytes).
    Removing stm32f10x_tim.o(.text), (3610 bytes).
    Removing stm32f10x_wwdg.o(.text), (136 bytes).
    Removing adx345.o(.text), (1080 bytes).
    Removing iic.o(.text), (724 bytes).
    Removing fadd.o(.text), (176 bytes).
    Removing fmul.o(.text), (100 bytes).
    Removing cdcmple.o(.text), (48 bytes).

24 unused section(s) (total 16134 bytes) removed from the image.

==============================================================================

Image Symbol Table

    Local Symbols

    Symbol Name                              Value     Ov Type        Size  Object(Section)

    ../clib/../cmprslib/zerorunl2.c          0x00000000   Number         0  __dczerorl2.o ABSOLUTE
    ../clib/microlib/errno.c                 0x00000000   Number         0  errno.o ABSOLUTE
    ../clib/microlib/init/entry.s            0x00000000   Number         0  entry.o ABSOLUTE
    ../clib/microlib/init/entry.s            0x00000000   Number         0  entry2.o ABSOLUTE
    ../clib/microlib/init/entry.s            0x00000000   Number         0  entry5.o ABSOLUTE
    ../clib/microlib/init/entry.s            0x00000000   Number         0  entry7a.o ABSOLUTE
    ../clib/microlib/init/entry.s            0x00000000   Number         0  entry7b.o ABSOLUTE
    ../clib/microlib/init/entry.s            0x00000000   Number         0  entry8a.o ABSOLUTE
    ../clib/microlib/init/entry.s            0x00000000   Number         0  entry8b.o ABSOLUTE
    ../clib/microlib/init/entry.s            0x00000000   Number         0  entry9a.o ABSOLUTE
    ../clib/microlib/init/entry.s            0x00000000   Number         0  entry9b.o ABSOLUTE
    ../clib/microlib/init/entry.s            0x00000000   Number         0  entry10a.o ABSOLUTE
    ../clib/microlib/init/entry.s            0x00000000   Number         0  entry10b.o ABSOLUTE
    ../clib/microlib/init/entry.s            0x00000000   Number         0  entry11b.o ABSOLUTE
    ../clib/microlib/init/entry.s            0x00000000   Number         0  entry11a.o ABSOLUTE
    ../clib/microlib/longlong.c              0x00000000   Number         0  llshl.o ABSOLUTE
    ../clib/microlib/longlong.c              0x00000000   Number         0  llsshr.o ABSOLUTE
    ../clib/microlib/longlong.c              0x00000000   Number         0  llushr.o ABSOLUTE
    ../clib/microlib/stubs.s                 0x00000000   Number         0  iusefp.o ABSOLUTE
    ../fplib/microlib/d2f.c                  0x00000000   Number         0  d2f.o ABSOLUTE
    ../fplib/microlib/f2d.c                  0x00000000   Number         0  f2d.o ABSOLUTE
    ../fplib/microlib/fpadd.c                0x00000000   Number         0  dadd.o ABSOLUTE
    ../fplib/microlib/fpadd.c                0x00000000   Number         0  fadd.o ABSOLUTE
    ../fplib/microlib/fpdiv.c                0x00000000   Number         0  ddiv.o ABSOLUTE
    ../fplib/microlib/fpdiv.c                0x00000000   Number         0  fdiv.o ABSOLUTE
    ../fplib/microlib/fpepilogue.c           0x00000000   Number         0  depilogue.o ABSOLUTE
    ../fplib/microlib/fpepilogue.c           0x00000000   Number         0  fepilogue.o ABSOLUTE
    ../fplib/microlib/fpfix.c                0x00000000   Number         0  ffixi.o ABSOLUTE
    ../fplib/microlib/fpflt.c                0x00000000   Number         0  dflti.o ABSOLUTE
    ../fplib/microlib/fpflt.c                0x00000000   Number         0  ffltui.o ABSOLUTE
    ../fplib/microlib/fpmul.c                0x00000000   Number         0  dmul.o ABSOLUTE
    ../fplib/microlib/fpmul.c                0x00000000   Number         0  fmul.o ABSOLUTE
    ../fplib/microlib/fpscalb.c              0x00000000   Number         0  dscalb.o ABSOLUTE
    ../fplib/microlib/fpsqrt.c               0x00000000   Number         0  dsqrt.o ABSOLUTE
    ../mathlib/atan.c                        0x00000000   Number         0  atan.o ABSOLUTE
    ../mathlib/atan.c                        0x00000000   Number         0  atan_x.o ABSOLUTE
    ../mathlib/dunder.c                      0x00000000   Number         0  dunder.o ABSOLUTE
    ../mathlib/fpclassify.c                  0x00000000   Number         0  fpclassify.o ABSOLUTE
    ../mathlib/poly.c                        0x00000000   Number         0  poly.o ABSOLUTE
    ../mathlib/pow.c                         0x00000000   Number         0  pow.o ABSOLUTE
    ../mathlib/pow.c                         0x00000000   Number         0  pow_x.o ABSOLUTE
    ../mathlib/qnan.c                        0x00000000   Number         0  qnan.o ABSOLUTE
    ../mathlib/sqrt.c                        0x00000000   Number         0  sqrt.o ABSOLUTE
    ../mathlib/sqrt.c                        0x00000000   Number         0  sqrt_x.o ABSOLUTE
    ..\..\Libraries\CMSIS\core_cm3.c         0x00000000   Number         0  core_cm3.o ABSOLUTE
    ..\..\Libraries\CMSIS\startup\startup_stm32f10x_hd.s 0x00000000   Number         0  startup_stm32f10x_hd.o ABSOLUTE
    ..\..\Libraries\CMSIS\system_stm32f10x.c 0x00000000   Number         0  system_stm32f10x.o ABSOLUTE
    ..\..\Libraries\FWlib\src\misc.c         0x00000000   Number         0  misc.o ABSOLUTE
    ..\..\Libraries\FWlib\src\stm32f10x_adc.c 0x00000000   Number         0  stm32f10x_adc.o ABSOLUTE
    ..\..\Libraries\FWlib\src\stm32f10x_bkp.c 0x00000000   Number         0  stm32f10x_bkp.o ABSOLUTE
    ..\..\Libraries\FWlib\src\stm32f10x_can.c 0x00000000   Number         0  stm32f10x_can.o ABSOLUTE
    ..\..\Libraries\FWlib\src\stm32f10x_cec.c 0x00000000   Number         0  stm32f10x_cec.o ABSOLUTE
    ..\..\Libraries\FWlib\src\stm32f10x_crc.c 0x00000000   Number         0  stm32f10x_crc.o ABSOLUTE
    ..\..\Libraries\FWlib\src\stm32f10x_dac.c 0x00000000   Number         0  stm32f10x_dac.o ABSOLUTE
    ..\..\Libraries\FWlib\src\stm32f10x_dbgmcu.c 0x00000000   Number         0  stm32f10x_dbgmcu.o ABSOLUTE
    ..\..\Libraries\FWlib\src\stm32f10x_dma.c 0x00000000   Number         0  stm32f10x_dma.o ABSOLUTE
    ..\..\Libraries\FWlib\src\stm32f10x_exti.c 0x00000000   Number         0  stm32f10x_exti.o ABSOLUTE
    ..\..\Libraries\FWlib\src\stm32f10x_flash.c 0x00000000   Number         0  stm32f10x_flash.o ABSOLUTE
    ..\..\Libraries\FWlib\src\stm32f10x_fsmc.c 0x00000000   Number         0  stm32f10x_fsmc.o ABSOLUTE
    ..\..\Libraries\FWlib\src\stm32f10x_gpio.c 0x00000000   Number         0  stm32f10x_gpio.o ABSOLUTE
    ..\..\Libraries\FWlib\src\stm32f10x_i2c.c 0x00000000   Number         0  stm32f10x_i2c.o ABSOLUTE
    ..\..\Libraries\FWlib\src\stm32f10x_iwdg.c 0x00000000   Number         0  stm32f10x_iwdg.o ABSOLUTE
    ..\..\Libraries\FWlib\src\stm32f10x_pwr.c 0x00000000   Number         0  stm32f10x_pwr.o ABSOLUTE
    ..\..\Libraries\FWlib\src\stm32f10x_rcc.c 0x00000000   Number         0  stm32f10x_rcc.o ABSOLUTE
    ..\..\Libraries\FWlib\src\stm32f10x_rtc.c 0x00000000   Number         0  stm32f10x_rtc.o ABSOLUTE
    ..\..\Libraries\FWlib\src\stm32f10x_sdio.c 0x00000000   Number         0  stm32f10x_sdio.o ABSOLUTE
    ..\..\Libraries\FWlib\src\stm32f10x_spi.c 0x00000000   Number         0  stm32f10x_spi.o ABSOLUTE
    ..\..\Libraries\FWlib\src\stm32f10x_tim.c 0x00000000   Number         0  stm32f10x_tim.o ABSOLUTE
    ..\..\Libraries\FWlib\src\stm32f10x_usart.c 0x00000000   Number         0  stm32f10x_usart.o ABSOLUTE
    ..\..\Libraries\FWlib\src\stm32f10x_wwdg.c 0x00000000   Number         0  stm32f10x_wwdg.o ABSOLUTE
    ..\..\User\adc\bsp_adc.c                 0x00000000   Number         0  bsp_adc.o ABSOLUTE
    ..\..\User\adx345\adx345.c               0x00000000   Number         0  adx345.o ABSOLUTE
    ..\..\User\delay\delay.c                 0x00000000   Number         0  delay.o ABSOLUTE
    ..\..\User\iic\iic.c                     0x00000000   Number         0  iic.o ABSOLUTE
    ..\..\User\main.c                        0x00000000   Number         0  main.o ABSOLUTE
    ..\..\User\oled\oled.c                   0x00000000   Number         0  oled.o ABSOLUTE
    ..\..\User\stm32f10x_it.c                0x00000000   Number         0  stm32f10x_it.o ABSOLUTE
    ..\..\User\sys\sys.c                     0x00000000   Number         0  sys.o ABSOLUTE
    ..\..\User\system\system.c               0x00000000   Number         0  system.o ABSOLUTE
    ..\..\User\usart\bsp_usart.c             0x00000000   Number         0  bsp_usart.o ABSOLUTE
    ..\\..\\Libraries\\CMSIS\\core_cm3.c     0x00000000   Number         0  core_cm3.o ABSOLUTE
    cdcmple.s                                0x00000000   Number         0  cdcmple.o ABSOLUTE
    cdrcmple.s                               0x00000000   Number         0  cdrcmple.o ABSOLUTE
    dc.s                                     0x00000000   Number         0  dc.o ABSOLUTE
    handlers.s                               0x00000000   Number         0  handlers.o ABSOLUTE
    init.s                                   0x00000000   Number         0  init.o ABSOLUTE
    RESET                                    0x08000000   Section      304  startup_stm32f10x_hd.o(RESET)
    .ARM.Collect$$$$00000000                 0x08000130   Section        0  entry.o(.ARM.Collect$$$$00000000)
    .ARM.Collect$$$$00000001                 0x08000130   Section        4  entry2.o(.ARM.Collect$$$$00000001)
    .ARM.Collect$$$$00000004                 0x08000134   Section        4  entry5.o(.ARM.Collect$$$$00000004)
    .ARM.Collect$$$$00000008                 0x08000138   Section        0  entry7b.o(.ARM.Collect$$$$00000008)
    .ARM.Collect$$$$0000000A                 0x08000138   Section        0  entry8b.o(.ARM.Collect$$$$0000000A)
    .ARM.Collect$$$$0000000B                 0x08000138   Section        8  entry9a.o(.ARM.Collect$$$$0000000B)
    .ARM.Collect$$$$0000000D                 0x08000140   Section        0  entry10a.o(.ARM.Collect$$$$0000000D)
    .ARM.Collect$$$$0000000F                 0x08000140   Section        0  entry11a.o(.ARM.Collect$$$$0000000F)
    .ARM.Collect$$$$00002712                 0x08000140   Section        4  entry2.o(.ARM.Collect$$$$00002712)
    __lit__00000000                          0x08000140   Data           4  entry2.o(.ARM.Collect$$$$00002712)
    .text                                    0x08000144   Section       36  startup_stm32f10x_hd.o(.text)
    .text                                    0x08000168   Section        0  system_stm32f10x.o(.text)
    SetSysClockTo72                          0x08000169   Thumb Code   214  system_stm32f10x.o(.text)
    SetSysClock                              0x0800023f   Thumb Code     8  system_stm32f10x.o(.text)
    .text                                    0x08000348   Section        0  misc.o(.text)
    .text                                    0x08000424   Section        0  stm32f10x_adc.o(.text)
    .text                                    0x08000874   Section        0  stm32f10x_dma.o(.text)
    .text                                    0x08000ac8   Section        0  stm32f10x_gpio.o(.text)
    .text                                    0x08000e24   Section        0  stm32f10x_rcc.o(.text)
    .text                                    0x080011c8   Section        0  stm32f10x_usart.o(.text)
    .text                                    0x080015d0   Section        0  main.o(.text)
    .text                                    0x080019b0   Section        0  stm32f10x_it.o(.text)
    .text                                    0x080019cc   Section        0  bsp_adc.o(.text)
    ADCx_GPIO_Config                         0x080019cd   Thumb Code    32  bsp_adc.o(.text)
    ADCx_Mode_Config                         0x080019ed   Thumb Code   240  bsp_adc.o(.text)
    .text                                    0x08001af8   Section        0  bsp_usart.o(.text)
    NVIC_Configuration                       0x08001af9   Thumb Code    38  bsp_usart.o(.text)
    .text                                    0x08001c9c   Section        0  delay.o(.text)
    .text                                    0x08001d70   Section        0  oled.o(.text)
    .text                                    0x0800237c   Section        0  sys.o(.text)
    .text                                    0x08002388   Section        0  system.o(.text)
    .text                                    0x08002568   Section        0  fdiv.o(.text)
    .text                                    0x080025e4   Section        0  dadd.o(.text)
    .text                                    0x08002732   Section        0  dmul.o(.text)
    .text                                    0x08002816   Section        0  ddiv.o(.text)
    .text                                    0x080028f4   Section        0  ffltui.o(.text)
    .text                                    0x080028fe   Section        0  ffixi.o(.text)
    .text                                    0x08002930   Section        0  f2d.o(.text)
    .text                                    0x08002956   Section        0  d2f.o(.text)
    .text                                    0x0800298e   Section        0  llshl.o(.text)
    .text                                    0x080029ac   Section        0  llsshr.o(.text)
    .text                                    0x080029d0   Section        0  iusefp.o(.text)
    .text                                    0x080029d0   Section        0  fepilogue.o(.text)
    .text                                    0x08002a3e   Section        0  depilogue.o(.text)
    .text                                    0x08002af8   Section        0  dscalb.o(.text)
    .text                                    0x08002b26   Section        0  dsqrt.o(.text)
    .text                                    0x08002bc8   Section        0  dflti.o(.text)
    .text                                    0x08002bec   Section       48  cdrcmple.o(.text)
    .text                                    0x08002c1c   Section       36  init.o(.text)
    .text                                    0x08002c40   Section        0  llushr.o(.text)
    .text                                    0x08002c60   Section        0  __dczerorl2.o(.text)
    i.__ARM_fpclassify                       0x08002cb6   Section        0  fpclassify.o(i.__ARM_fpclassify)
    i.__kernel_poly                          0x08002cde   Section        0  poly.o(i.__kernel_poly)
    i.__mathlib_dbl_divzero                  0x08002d88   Section        0  dunder.o(i.__mathlib_dbl_divzero)
    i.__mathlib_dbl_infnan2                  0x08002d98   Section        0  dunder.o(i.__mathlib_dbl_infnan2)
    i.__mathlib_dbl_invalid                  0x08002d9c   Section        0  dunder.o(i.__mathlib_dbl_invalid)
    i.__mathlib_dbl_overflow                 0x08002da8   Section        0  dunder.o(i.__mathlib_dbl_overflow)
    i.__mathlib_dbl_underflow                0x08002db8   Section        0  dunder.o(i.__mathlib_dbl_underflow)
    i.__scatterload_copy                     0x08002dc8   Section       14  handlers.o(i.__scatterload_copy)
    i.__scatterload_null                     0x08002dd6   Section        2  handlers.o(i.__scatterload_null)
    i.__scatterload_zeroinit                 0x08002dd8   Section       14  handlers.o(i.__scatterload_zeroinit)
    i.__set_errno                            0x08002de8   Section        0  errno.o(i.__set_errno)
    i.pow                                    0x08002df4   Section        0  pow.o(i.pow)
    i.sqrt                                   0x080037ac   Section        0  sqrt.o(i.sqrt)
    .constdata                               0x080037f8   Section     2072  oled.o(.constdata)
    .constdata                               0x08004010   Section      136  pow.o(.constdata)
    bp                                       0x08004010   Data          16  pow.o(.constdata)
    dp_h                                     0x08004020   Data          16  pow.o(.constdata)
    dp_l                                     0x08004030   Data          16  pow.o(.constdata)
    L                                        0x08004040   Data          48  pow.o(.constdata)
    P                                        0x08004070   Data          40  pow.o(.constdata)
    .constdata                               0x08004098   Section        8  qnan.o(.constdata)
    .data                                    0x20000000   Section       20  system_stm32f10x.o(.data)
    .data                                    0x20000014   Section       20  stm32f10x_rcc.o(.data)
    APBAHBPrescTable                         0x20000014   Data          16  stm32f10x_rcc.o(.data)
    ADCPrescTable                            0x20000024   Data           4  stm32f10x_rcc.o(.data)
    .data                                    0x20000028   Section        8  main.o(.data)
    .data                                    0x20000030   Section        4  bsp_adc.o(.data)
    .data                                    0x20000034   Section        4  delay.o(.data)
    fac_us                                   0x20000034   Data           1  delay.o(.data)
    fac_ms                                   0x20000036   Data           2  delay.o(.data)
    .data                                    0x20000038   Section      768  oled.o(.data)
    .data                                    0x20000338   Section        4  errno.o(.data)
    _errno                                   0x20000338   Data           4  errno.o(.data)
    STACK                                    0x20000340   Section     1024  startup_stm32f10x_hd.o(STACK)

    Global Symbols

    Symbol Name                              Value     Ov Type        Size  Object(Section)

    BuildAttributes$$THM_ISAv4$P$D$K$B$S$PE$A:L22UL41UL21$X:L11$S22US41US21$IEEE1$IW$USESV6$~STKCKD$USESV7$~SHL$OTIME$ROPI$IEEEX$EBA8$MICROLIB$REQ8$PRES8$EABIv2 0x00000000   Number         0  anon$$obj.o ABSOLUTE
    __ARM_use_no_argv                        0x00000000   Number         0  main.o ABSOLUTE
    __cpp_initialize__aeabi_                  - Undefined Weak Reference
    __cxa_finalize                            - Undefined Weak Reference
    _clock_init                               - Undefined Weak Reference
    _microlib_exit                            - Undefined Weak Reference
    __Vectors_Size                           0x00000130   Number         0  startup_stm32f10x_hd.o ABSOLUTE
    __Vectors                                0x08000000   Data           4  startup_stm32f10x_hd.o(RESET)
    __Vectors_End                            0x08000130   Data           0  startup_stm32f10x_hd.o(RESET)
    __main                                   0x08000131   Thumb Code     0  entry.o(.ARM.Collect$$$$00000000)
    _main_stk                                0x08000131   Thumb Code     0  entry2.o(.ARM.Collect$$$$00000001)
    _main_scatterload                        0x08000135   Thumb Code     0  entry5.o(.ARM.Collect$$$$00000004)
    __main_after_scatterload                 0x08000139   Thumb Code     0  entry5.o(.ARM.Collect$$$$00000004)
    _main_clock                              0x08000139   Thumb Code     0  entry7b.o(.ARM.Collect$$$$00000008)
    _main_cpp_init                           0x08000139   Thumb Code     0  entry8b.o(.ARM.Collect$$$$0000000A)
    _main_init                               0x08000139   Thumb Code     0  entry9a.o(.ARM.Collect$$$$0000000B)
    __rt_final_cpp                           0x08000141   Thumb Code     0  entry10a.o(.ARM.Collect$$$$0000000D)
    __rt_final_exit                          0x08000141   Thumb Code     0  entry11a.o(.ARM.Collect$$$$0000000F)
    Reset_Handler                            0x08000145   Thumb Code     8  startup_stm32f10x_hd.o(.text)
    ADC1_2_IRQHandler                        0x0800015f   Thumb Code     0  startup_stm32f10x_hd.o(.text)
    ADC3_IRQHandler                          0x0800015f   Thumb Code     0  startup_stm32f10x_hd.o(.text)
    CAN1_RX1_IRQHandler                      0x0800015f   Thumb Code     0  startup_stm32f10x_hd.o(.text)
    CAN1_SCE_IRQHandler                      0x0800015f   Thumb Code     0  startup_stm32f10x_hd.o(.text)
    DMA1_Channel1_IRQHandler                 0x0800015f   Thumb Code     0  startup_stm32f10x_hd.o(.text)
    DMA1_Channel2_IRQHandler                 0x0800015f   Thumb Code     0  startup_stm32f10x_hd.o(.text)
    DMA1_Channel3_IRQHandler                 0x0800015f   Thumb Code     0  startup_stm32f10x_hd.o(.text)
    DMA1_Channel4_IRQHandler                 0x0800015f   Thumb Code     0  startup_stm32f10x_hd.o(.text)
    DMA1_Channel5_IRQHandler                 0x0800015f   Thumb Code     0  startup_stm32f10x_hd.o(.text)
    DMA1_Channel6_IRQHandler                 0x0800015f   Thumb Code     0  startup_stm32f10x_hd.o(.text)
    DMA1_Channel7_IRQHandler                 0x0800015f   Thumb Code     0  startup_stm32f10x_hd.o(.text)
    DMA2_Channel1_IRQHandler                 0x0800015f   Thumb Code     0  startup_stm32f10x_hd.o(.text)
    DMA2_Channel2_IRQHandler                 0x0800015f   Thumb Code     0  startup_stm32f10x_hd.o(.text)
    DMA2_Channel3_IRQHandler                 0x0800015f   Thumb Code     0  startup_stm32f10x_hd.o(.text)
    DMA2_Channel4_5_IRQHandler               0x0800015f   Thumb Code     0  startup_stm32f10x_hd.o(.text)
    EXTI0_IRQHandler                         0x0800015f   Thumb Code     0  startup_stm32f10x_hd.o(.text)
    EXTI15_10_IRQHandler                     0x0800015f   Thumb Code     0  startup_stm32f10x_hd.o(.text)
    EXTI1_IRQHandler                         0x0800015f   Thumb Code     0  startup_stm32f10x_hd.o(.text)
    EXTI2_IRQHandler                         0x0800015f   Thumb Code     0  startup_stm32f10x_hd.o(.text)
    EXTI3_IRQHandler                         0x0800015f   Thumb Code     0  startup_stm32f10x_hd.o(.text)
    EXTI4_IRQHandler                         0x0800015f   Thumb Code     0  startup_stm32f10x_hd.o(.text)
    EXTI9_5_IRQHandler                       0x0800015f   Thumb Code     0  startup_stm32f10x_hd.o(.text)
    FLASH_IRQHandler                         0x0800015f   Thumb Code     0  startup_stm32f10x_hd.o(.text)
    FSMC_IRQHandler                          0x0800015f   Thumb Code     0  startup_stm32f10x_hd.o(.text)
    I2C1_ER_IRQHandler                       0x0800015f   Thumb Code     0  startup_stm32f10x_hd.o(.text)
    I2C1_EV_IRQHandler                       0x0800015f   Thumb Code     0  startup_stm32f10x_hd.o(.text)
    I2C2_ER_IRQHandler                       0x0800015f   Thumb Code     0  startup_stm32f10x_hd.o(.text)
    I2C2_EV_IRQHandler                       0x0800015f   Thumb Code     0  startup_stm32f10x_hd.o(.text)
    PVD_IRQHandler                           0x0800015f   Thumb Code     0  startup_stm32f10x_hd.o(.text)
    RCC_IRQHandler                           0x0800015f   Thumb Code     0  startup_stm32f10x_hd.o(.text)
    RTCAlarm_IRQHandler                      0x0800015f   Thumb Code     0  startup_stm32f10x_hd.o(.text)
    RTC_IRQHandler                           0x0800015f   Thumb Code     0  startup_stm32f10x_hd.o(.text)
    SDIO_IRQHandler                          0x0800015f   Thumb Code     0  startup_stm32f10x_hd.o(.text)
    SPI1_IRQHandler                          0x0800015f   Thumb Code     0  startup_stm32f10x_hd.o(.text)
    SPI2_IRQHandler                          0x0800015f   Thumb Code     0  startup_stm32f10x_hd.o(.text)
    SPI3_IRQHandler                          0x0800015f   Thumb Code     0  startup_stm32f10x_hd.o(.text)
    TAMPER_IRQHandler                        0x0800015f   Thumb Code     0  startup_stm32f10x_hd.o(.text)
    TIM1_BRK_IRQHandler                      0x0800015f   Thumb Code     0  startup_stm32f10x_hd.o(.text)
    TIM1_CC_IRQHandler                       0x0800015f   Thumb Code     0  startup_stm32f10x_hd.o(.text)
    TIM1_TRG_COM_IRQHandler                  0x0800015f   Thumb Code     0  startup_stm32f10x_hd.o(.text)
    TIM1_UP_IRQHandler                       0x0800015f   Thumb Code     0  startup_stm32f10x_hd.o(.text)
    TIM2_IRQHandler                          0x0800015f   Thumb Code     0  startup_stm32f10x_hd.o(.text)
    TIM3_IRQHandler                          0x0800015f   Thumb Code     0  startup_stm32f10x_hd.o(.text)
    TIM4_IRQHandler                          0x0800015f   Thumb Code     0  startup_stm32f10x_hd.o(.text)
    TIM5_IRQHandler                          0x0800015f   Thumb Code     0  startup_stm32f10x_hd.o(.text)
    TIM6_IRQHandler                          0x0800015f   Thumb Code     0  startup_stm32f10x_hd.o(.text)
    TIM7_IRQHandler                          0x0800015f   Thumb Code     0  startup_stm32f10x_hd.o(.text)
    TIM8_BRK_IRQHandler                      0x0800015f   Thumb Code     0  startup_stm32f10x_hd.o(.text)
    TIM8_CC_IRQHandler                       0x0800015f   Thumb Code     0  startup_stm32f10x_hd.o(.text)
    TIM8_TRG_COM_IRQHandler                  0x0800015f   Thumb Code     0  startup_stm32f10x_hd.o(.text)
    TIM8_UP_IRQHandler                       0x0800015f   Thumb Code     0  startup_stm32f10x_hd.o(.text)
    UART4_IRQHandler                         0x0800015f   Thumb Code     0  startup_stm32f10x_hd.o(.text)
    UART5_IRQHandler                         0x0800015f   Thumb Code     0  startup_stm32f10x_hd.o(.text)
    USART1_IRQHandler                        0x0800015f   Thumb Code     0  startup_stm32f10x_hd.o(.text)
    USART2_IRQHandler                        0x0800015f   Thumb Code     0  startup_stm32f10x_hd.o(.text)
    USART3_IRQHandler                        0x0800015f   Thumb Code     0  startup_stm32f10x_hd.o(.text)
    USBWakeUp_IRQHandler                     0x0800015f   Thumb Code     0  startup_stm32f10x_hd.o(.text)
    USB_HP_CAN1_TX_IRQHandler                0x0800015f   Thumb Code     0  startup_stm32f10x_hd.o(.text)
    USB_LP_CAN1_RX0_IRQHandler               0x0800015f   Thumb Code     0  startup_stm32f10x_hd.o(.text)
    WWDG_IRQHandler                          0x0800015f   Thumb Code     0  startup_stm32f10x_hd.o(.text)
    SystemInit                               0x08000247   Thumb Code    78  system_stm32f10x.o(.text)
    SystemCoreClockUpdate                    0x08000295   Thumb Code   142  system_stm32f10x.o(.text)
    NVIC_PriorityGroupConfig                 0x08000349   Thumb Code    10  misc.o(.text)
    NVIC_Init                                0x08000353   Thumb Code   100  misc.o(.text)
    NVIC_SetVectorTable                      0x080003b7   Thumb Code    14  misc.o(.text)
    NVIC_SystemLPConfig                      0x080003c5   Thumb Code    34  misc.o(.text)
    SysTick_CLKSourceConfig                  0x080003e7   Thumb Code    40  misc.o(.text)
    ADC_DeInit                               0x08000425   Thumb Code    78  stm32f10x_adc.o(.text)
    ADC_Init                                 0x08000473   Thumb Code    70  stm32f10x_adc.o(.text)
    ADC_StructInit                           0x080004b9   Thumb Code    18  stm32f10x_adc.o(.text)
    ADC_Cmd                                  0x080004cb   Thumb Code    22  stm32f10x_adc.o(.text)
    ADC_DMACmd                               0x080004e1   Thumb Code    22  stm32f10x_adc.o(.text)
    ADC_ITConfig                             0x080004f7   Thumb Code    24  stm32f10x_adc.o(.text)
    ADC_ResetCalibration                     0x0800050f   Thumb Code    10  stm32f10x_adc.o(.text)
    ADC_GetResetCalibrationStatus            0x08000519   Thumb Code    20  stm32f10x_adc.o(.text)
    ADC_StartCalibration                     0x0800052d   Thumb Code    10  stm32f10x_adc.o(.text)
    ADC_GetCalibrationStatus                 0x08000537   Thumb Code    20  stm32f10x_adc.o(.text)
    ADC_SoftwareStartConvCmd                 0x0800054b   Thumb Code    22  stm32f10x_adc.o(.text)
    ADC_GetSoftwareStartConvStatus           0x08000561   Thumb Code    20  stm32f10x_adc.o(.text)
    ADC_DiscModeChannelCountConfig           0x08000575   Thumb Code    24  stm32f10x_adc.o(.text)
    ADC_DiscModeCmd                          0x0800058d   Thumb Code    22  stm32f10x_adc.o(.text)
    ADC_RegularChannelConfig                 0x080005a3   Thumb Code   184  stm32f10x_adc.o(.text)
    ADC_ExternalTrigConvCmd                  0x0800065b   Thumb Code    22  stm32f10x_adc.o(.text)
    ADC_GetConversionValue                   0x08000671   Thumb Code     8  stm32f10x_adc.o(.text)
    ADC_GetDualModeConversionValue           0x08000679   Thumb Code     8  stm32f10x_adc.o(.text)
    ADC_AutoInjectedConvCmd                  0x08000681   Thumb Code    22  stm32f10x_adc.o(.text)
    ADC_InjectedDiscModeCmd                  0x08000697   Thumb Code    22  stm32f10x_adc.o(.text)
    ADC_ExternalTrigInjectedConvConfig       0x080006ad   Thumb Code    16  stm32f10x_adc.o(.text)
    ADC_ExternalTrigInjectedConvCmd          0x080006bd   Thumb Code    22  stm32f10x_adc.o(.text)
    ADC_SoftwareStartInjectedConvCmd         0x080006d3   Thumb Code    22  stm32f10x_adc.o(.text)
    ADC_GetSoftwareStartInjectedConvCmdStatus 0x080006e9   Thumb Code    20  stm32f10x_adc.o(.text)
    ADC_InjectedChannelConfig                0x080006fd   Thumb Code   130  stm32f10x_adc.o(.text)
    ADC_InjectedSequencerLengthConfig        0x0800077f   Thumb Code    24  stm32f10x_adc.o(.text)
    ADC_SetInjectedOffset                    0x08000797   Thumb Code    20  stm32f10x_adc.o(.text)
    ADC_GetInjectedConversionValue           0x080007ab   Thumb Code    28  stm32f10x_adc.o(.text)
    ADC_AnalogWatchdogCmd                    0x080007c7   Thumb Code    16  stm32f10x_adc.o(.text)
    ADC_AnalogWatchdogThresholdsConfig       0x080007d7   Thumb Code     6  stm32f10x_adc.o(.text)
    ADC_AnalogWatchdogSingleChannelConfig    0x080007dd   Thumb Code    16  stm32f10x_adc.o(.text)
    ADC_TempSensorVrefintCmd                 0x080007ed   Thumb Code    64  stm32f10x_adc.o(.text)
    ADC_GetFlagStatus                        0x0800082d   Thumb Code    18  stm32f10x_adc.o(.text)
    ADC_ClearFlag                            0x0800083f   Thumb Code     6  stm32f10x_adc.o(.text)
    ADC_GetITStatus                          0x08000845   Thumb Code    36  stm32f10x_adc.o(.text)
    ADC_ClearITPendingBit                    0x08000869   Thumb Code    10  stm32f10x_adc.o(.text)
    DMA_DeInit                               0x08000875   Thumb Code   324  stm32f10x_dma.o(.text)
    DMA_Init                                 0x080009b9   Thumb Code    60  stm32f10x_dma.o(.text)
    DMA_StructInit                           0x080009f5   Thumb Code    26  stm32f10x_dma.o(.text)
    DMA_Cmd                                  0x08000a0f   Thumb Code    24  stm32f10x_dma.o(.text)
    DMA_ITConfig                             0x08000a27   Thumb Code    18  stm32f10x_dma.o(.text)
    DMA_SetCurrDataCounter                   0x08000a39   Thumb Code     4  stm32f10x_dma.o(.text)
    DMA_GetCurrDataCounter                   0x08000a3d   Thumb Code     8  stm32f10x_dma.o(.text)
    DMA_GetFlagStatus                        0x08000a45   Thumb Code    40  stm32f10x_dma.o(.text)
    DMA_ClearFlag                            0x08000a6d   Thumb Code    22  stm32f10x_dma.o(.text)
    DMA_GetITStatus                          0x08000a83   Thumb Code    40  stm32f10x_dma.o(.text)
    DMA_ClearITPendingBit                    0x08000aab   Thumb Code    22  stm32f10x_dma.o(.text)
    GPIO_DeInit                              0x08000ac9   Thumb Code   172  stm32f10x_gpio.o(.text)
    GPIO_AFIODeInit                          0x08000b75   Thumb Code    20  stm32f10x_gpio.o(.text)
    GPIO_Init                                0x08000b89   Thumb Code   278  stm32f10x_gpio.o(.text)
    GPIO_StructInit                          0x08000c9f   Thumb Code    16  stm32f10x_gpio.o(.text)
    GPIO_ReadInputDataBit                    0x08000caf   Thumb Code    18  stm32f10x_gpio.o(.text)
    GPIO_ReadInputData                       0x08000cc1   Thumb Code     8  stm32f10x_gpio.o(.text)
    GPIO_ReadOutputDataBit                   0x08000cc9   Thumb Code    18  stm32f10x_gpio.o(.text)
    GPIO_ReadOutputData                      0x08000cdb   Thumb Code     8  stm32f10x_gpio.o(.text)
    GPIO_SetBits                             0x08000ce3   Thumb Code     4  stm32f10x_gpio.o(.text)
    GPIO_ResetBits                           0x08000ce7   Thumb Code     4  stm32f10x_gpio.o(.text)
    GPIO_WriteBit                            0x08000ceb   Thumb Code    10  stm32f10x_gpio.o(.text)
    GPIO_Write                               0x08000cf5   Thumb Code     4  stm32f10x_gpio.o(.text)
    GPIO_PinLockConfig                       0x08000cf9   Thumb Code    18  stm32f10x_gpio.o(.text)
    GPIO_EventOutputConfig                   0x08000d0b   Thumb Code    26  stm32f10x_gpio.o(.text)
    GPIO_EventOutputCmd                      0x08000d25   Thumb Code     6  stm32f10x_gpio.o(.text)
    GPIO_PinRemapConfig                      0x08000d2b   Thumb Code   138  stm32f10x_gpio.o(.text)
    GPIO_EXTILineConfig                      0x08000db5   Thumb Code    66  stm32f10x_gpio.o(.text)
    GPIO_ETH_MediaInterfaceConfig            0x08000df7   Thumb Code     8  stm32f10x_gpio.o(.text)
    RCC_DeInit                               0x08000e25   Thumb Code    64  stm32f10x_rcc.o(.text)
    RCC_HSEConfig                            0x08000e65   Thumb Code    70  stm32f10x_rcc.o(.text)
    RCC_GetFlagStatus                        0x08000eab   Thumb Code    56  stm32f10x_rcc.o(.text)
    RCC_WaitForHSEStartUp                    0x08000ee3   Thumb Code    56  stm32f10x_rcc.o(.text)
    RCC_AdjustHSICalibrationValue            0x08000f1b   Thumb Code    20  stm32f10x_rcc.o(.text)
    RCC_HSICmd                               0x08000f2f   Thumb Code     6  stm32f10x_rcc.o(.text)
    RCC_PLLConfig                            0x08000f35   Thumb Code    24  stm32f10x_rcc.o(.text)
    RCC_PLLCmd                               0x08000f4d   Thumb Code     6  stm32f10x_rcc.o(.text)
    RCC_SYSCLKConfig                         0x08000f53   Thumb Code    18  stm32f10x_rcc.o(.text)
    RCC_GetSYSCLKSource                      0x08000f65   Thumb Code    10  stm32f10x_rcc.o(.text)
    RCC_HCLKConfig                           0x08000f6f   Thumb Code    18  stm32f10x_rcc.o(.text)
    RCC_PCLK1Config                          0x08000f81   Thumb Code    18  stm32f10x_rcc.o(.text)
    RCC_PCLK2Config                          0x08000f93   Thumb Code    20  stm32f10x_rcc.o(.text)
    RCC_ITConfig                             0x08000fa7   Thumb Code    26  stm32f10x_rcc.o(.text)
    RCC_USBCLKConfig                         0x08000fc1   Thumb Code     8  stm32f10x_rcc.o(.text)
    RCC_ADCCLKConfig                         0x08000fc9   Thumb Code    18  stm32f10x_rcc.o(.text)
    RCC_LSEConfig                            0x08000fdb   Thumb Code    50  stm32f10x_rcc.o(.text)
    RCC_LSICmd                               0x0800100d   Thumb Code     6  stm32f10x_rcc.o(.text)
    RCC_RTCCLKConfig                         0x08001013   Thumb Code    12  stm32f10x_rcc.o(.text)
    RCC_RTCCLKCmd                            0x0800101f   Thumb Code     8  stm32f10x_rcc.o(.text)
    RCC_GetClocksFreq                        0x08001027   Thumb Code   192  stm32f10x_rcc.o(.text)
    RCC_AHBPeriphClockCmd                    0x080010e7   Thumb Code    26  stm32f10x_rcc.o(.text)
    RCC_APB2PeriphClockCmd                   0x08001101   Thumb Code    26  stm32f10x_rcc.o(.text)
    RCC_APB1PeriphClockCmd                   0x0800111b   Thumb Code    26  stm32f10x_rcc.o(.text)
    RCC_APB2PeriphResetCmd                   0x08001135   Thumb Code    26  stm32f10x_rcc.o(.text)
    RCC_APB1PeriphResetCmd                   0x0800114f   Thumb Code    26  stm32f10x_rcc.o(.text)
    RCC_BackupResetCmd                       0x08001169   Thumb Code     8  stm32f10x_rcc.o(.text)
    RCC_ClockSecuritySystemCmd               0x08001171   Thumb Code     6  stm32f10x_rcc.o(.text)
    RCC_MCOConfig                            0x08001177   Thumb Code     6  stm32f10x_rcc.o(.text)
    RCC_ClearFlag                            0x0800117d   Thumb Code    14  stm32f10x_rcc.o(.text)
    RCC_GetITStatus                          0x0800118b   Thumb Code    20  stm32f10x_rcc.o(.text)
    RCC_ClearITPendingBit                    0x0800119f   Thumb Code     6  stm32f10x_rcc.o(.text)
    USART_DeInit                             0x080011c9   Thumb Code   134  stm32f10x_usart.o(.text)
    USART_Init                               0x0800124f   Thumb Code   210  stm32f10x_usart.o(.text)
    USART_StructInit                         0x08001321   Thumb Code    24  stm32f10x_usart.o(.text)
    USART_ClockInit                          0x08001339   Thumb Code    34  stm32f10x_usart.o(.text)
    USART_ClockStructInit                    0x0800135b   Thumb Code    12  stm32f10x_usart.o(.text)
    USART_Cmd                                0x08001367   Thumb Code    24  stm32f10x_usart.o(.text)
    USART_ITConfig                           0x0800137f   Thumb Code    74  stm32f10x_usart.o(.text)
    USART_DMACmd                             0x080013c9   Thumb Code    18  stm32f10x_usart.o(.text)
    USART_SetAddress                         0x080013db   Thumb Code    18  stm32f10x_usart.o(.text)
    USART_WakeUpConfig                       0x080013ed   Thumb Code    18  stm32f10x_usart.o(.text)
    USART_ReceiverWakeUpCmd                  0x080013ff   Thumb Code    24  stm32f10x_usart.o(.text)
    USART_LINBreakDetectLengthConfig         0x08001417   Thumb Code    18  stm32f10x_usart.o(.text)
    USART_LINCmd                             0x08001429   Thumb Code    24  stm32f10x_usart.o(.text)
    USART_SendData                           0x08001441   Thumb Code     8  stm32f10x_usart.o(.text)
    USART_ReceiveData                        0x08001449   Thumb Code    10  stm32f10x_usart.o(.text)
    USART_SendBreak                          0x08001453   Thumb Code    10  stm32f10x_usart.o(.text)
    USART_SetGuardTime                       0x0800145d   Thumb Code    16  stm32f10x_usart.o(.text)
    USART_SetPrescaler                       0x0800146d   Thumb Code    16  stm32f10x_usart.o(.text)
    USART_SmartCardCmd                       0x0800147d   Thumb Code    24  stm32f10x_usart.o(.text)
    USART_SmartCardNACKCmd                   0x08001495   Thumb Code    24  stm32f10x_usart.o(.text)
    USART_HalfDuplexCmd                      0x080014ad   Thumb Code    24  stm32f10x_usart.o(.text)
    USART_OverSampling8Cmd                   0x080014c5   Thumb Code    22  stm32f10x_usart.o(.text)
    USART_OneBitMethodCmd                    0x080014db   Thumb Code    24  stm32f10x_usart.o(.text)
    USART_IrDAConfig                         0x080014f3   Thumb Code    18  stm32f10x_usart.o(.text)
    USART_IrDACmd                            0x08001505   Thumb Code    24  stm32f10x_usart.o(.text)
    USART_GetFlagStatus                      0x0800151d   Thumb Code    26  stm32f10x_usart.o(.text)
    USART_ClearFlag                          0x08001537   Thumb Code    18  stm32f10x_usart.o(.text)
    USART_GetITStatus                        0x08001549   Thumb Code    84  stm32f10x_usart.o(.text)
    USART_ClearITPendingBit                  0x0800159d   Thumb Code    52  stm32f10x_usart.o(.text)
    Delay                                    0x080015d1   Thumb Code    18  main.o(.text)
    display                                  0x080015e3   Thumb Code   120  main.o(.text)
    Delay_ms                                 0x0800165b   Thumb Code    30  main.o(.text)
    main                                     0x08001679   Thumb Code   768  main.o(.text)
    NMI_Handler                              0x080019b1   Thumb Code     2  stm32f10x_it.o(.text)
    HardFault_Handler                        0x080019b3   Thumb Code     4  stm32f10x_it.o(.text)
    MemManage_Handler                        0x080019b7   Thumb Code     4  stm32f10x_it.o(.text)
    BusFault_Handler                         0x080019bb   Thumb Code     4  stm32f10x_it.o(.text)
    UsageFault_Handler                       0x080019bf   Thumb Code     4  stm32f10x_it.o(.text)
    SVC_Handler                              0x080019c3   Thumb Code     2  stm32f10x_it.o(.text)
    DebugMon_Handler                         0x080019c5   Thumb Code     2  stm32f10x_it.o(.text)
    PendSV_Handler                           0x080019c7   Thumb Code     2  stm32f10x_it.o(.text)
    SysTick_Handler                          0x080019c9   Thumb Code     2  stm32f10x_it.o(.text)
    ADCx_Init                                0x08001add   Thumb Code    12  bsp_adc.o(.text)
    USART_Config                             0x08001b1f   Thumb Code   136  bsp_usart.o(.text)
    Usart_SendByte                           0x08001ba7   Thumb Code    30  bsp_usart.o(.text)
    Usart_SendArray                          0x08001bc5   Thumb Code    48  bsp_usart.o(.text)
    Usart_SendString                         0x08001bf5   Thumb Code    42  bsp_usart.o(.text)
    Usart_SendHalfWord                       0x08001c1f   Thumb Code    60  bsp_usart.o(.text)
    fputc                                    0x08001c5b   Thumb Code    32  bsp_usart.o(.text)
    fgetc                                    0x08001c7b   Thumb Code    26  bsp_usart.o(.text)
    delay_init                               0x08001c9d   Thumb Code    50  delay.o(.text)
    delay_us                                 0x08001ccf   Thumb Code    72  delay.o(.text)
    delay_ms                                 0x08001d17   Thumb Code    72  delay.o(.text)
    IIC_Start                                0x08001d71   Thumb Code    36  oled.o(.text)
    IIC_Stop                                 0x08001d95   Thumb Code    28  oled.o(.text)
    IIC_Wait_Ack                             0x08001db1   Thumb Code    20  oled.o(.text)
    Write_IIC_Byte                           0x08001dc5   Thumb Code    80  oled.o(.text)
    Write_IIC_Command                        0x08001e15   Thumb Code    44  oled.o(.text)
    Write_IIC_Data                           0x08001e41   Thumb Code    44  oled.o(.text)
    OLED_WR_Byte                             0x08001e6d   Thumb Code    24  oled.o(.text)
    fill_picture                             0x08001e85   Thumb Code    64  oled.o(.text)
    Delay_50ms                               0x08001ec5   Thumb Code    22  oled.o(.text)
    Delay_1ms                                0x08001edb   Thumb Code    26  oled.o(.text)
    OLED_Set_Pos                             0x08001ef5   Thumb Code    40  oled.o(.text)
    OLED_Display_On                          0x08001f1d   Thumb Code    28  oled.o(.text)
    OLED_Display_Off                         0x08001f39   Thumb Code    28  oled.o(.text)
    OLED_Clear                               0x08001f55   Thumb Code    62  oled.o(.text)
    OLED_On                                  0x08001f93   Thumb Code    62  oled.o(.text)
    OLED_ShowChar                            0x08001fd1   Thumb Code   154  oled.o(.text)
    oled_pow                                 0x0800206b   Thumb Code    22  oled.o(.text)
    OLED_ShowNum                             0x08002081   Thumb Code   136  oled.o(.text)
    OLED_ShowString                          0x08002109   Thumb Code    58  oled.o(.text)
    OLED_ShowCHinese                         0x08002143   Thumb Code   112  oled.o(.text)
    OLED_DrawBMP                             0x080021b3   Thumb Code   118  oled.o(.text)
    OLED_Init                                0x08002229   Thumb Code   322  oled.o(.text)
    NVIC_Configuration                       0x0800237d   Thumb Code    12  sys.o(.text)
    SYSTEM_SetClock                          0x08002389   Thumb Code   176  system.o(.text)
    SYSTICK_Config                           0x08002439   Thumb Code    94  system.o(.text)
    SYSTICK_Delay1us                         0x08002497   Thumb Code    64  system.o(.text)
    SYSTICK_Delay1ms                         0x080024d7   Thumb Code    62  system.o(.text)
    SYSTICK_Delay1s                          0x08002515   Thumb Code    68  system.o(.text)
    __aeabi_fdiv                             0x08002569   Thumb Code   124  fdiv.o(.text)
    __aeabi_dadd                             0x080025e5   Thumb Code   322  dadd.o(.text)
    __aeabi_dsub                             0x08002727   Thumb Code     6  dadd.o(.text)
    __aeabi_drsub                            0x0800272d   Thumb Code     6  dadd.o(.text)
    __aeabi_dmul                             0x08002733   Thumb Code   228  dmul.o(.text)
    __aeabi_ddiv                             0x08002817   Thumb Code   222  ddiv.o(.text)
    __aeabi_ui2f                             0x080028f5   Thumb Code    10  ffltui.o(.text)
    __aeabi_f2iz                             0x080028ff   Thumb Code    50  ffixi.o(.text)
    __aeabi_f2d                              0x08002931   Thumb Code    38  f2d.o(.text)
    __aeabi_d2f                              0x08002957   Thumb Code    56  d2f.o(.text)
    __aeabi_llsl                             0x0800298f   Thumb Code    30  llshl.o(.text)
    _ll_shift_l                              0x0800298f   Thumb Code     0  llshl.o(.text)
    __aeabi_lasr                             0x080029ad   Thumb Code    36  llsshr.o(.text)
    _ll_sshift_r                             0x080029ad   Thumb Code     0  llsshr.o(.text)
    __I$use$fp                               0x080029d1   Thumb Code     0  iusefp.o(.text)
    _float_round                             0x080029d1   Thumb Code    18  fepilogue.o(.text)
    _float_epilogue                          0x080029e3   Thumb Code    92  fepilogue.o(.text)
    _double_round                            0x08002a3f   Thumb Code    30  depilogue.o(.text)
    _double_epilogue                         0x08002a5d   Thumb Code   156  depilogue.o(.text)
    __ARM_scalbn                             0x08002af9   Thumb Code    46  dscalb.o(.text)
    scalbn                                   0x08002af9   Thumb Code     0  dscalb.o(.text)
    _dsqrt                                   0x08002b27   Thumb Code   162  dsqrt.o(.text)
    __aeabi_i2d                              0x08002bc9   Thumb Code    34  dflti.o(.text)
    __aeabi_cdrcmple                         0x08002bed   Thumb Code    48  cdrcmple.o(.text)
    __scatterload                            0x08002c1d   Thumb Code    28  init.o(.text)
    __scatterload_rt2                        0x08002c1d   Thumb Code     0  init.o(.text)
    __aeabi_llsr                             0x08002c41   Thumb Code    32  llushr.o(.text)
    _ll_ushift_r                             0x08002c41   Thumb Code     0  llushr.o(.text)
    __decompress                             0x08002c61   Thumb Code     0  __dczerorl2.o(.text)
    __decompress1                            0x08002c61   Thumb Code    86  __dczerorl2.o(.text)
    __ARM_fpclassify                         0x08002cb7   Thumb Code    40  fpclassify.o(i.__ARM_fpclassify)
    __kernel_poly                            0x08002cdf   Thumb Code   170  poly.o(i.__kernel_poly)
    __mathlib_dbl_divzero                    0x08002d89   Thumb Code    12  dunder.o(i.__mathlib_dbl_divzero)
    __mathlib_dbl_infnan2                    0x08002d99   Thumb Code     4  dunder.o(i.__mathlib_dbl_infnan2)
    __mathlib_dbl_invalid                    0x08002d9d   Thumb Code    12  dunder.o(i.__mathlib_dbl_invalid)
    __mathlib_dbl_overflow                   0x08002da9   Thumb Code    14  dunder.o(i.__mathlib_dbl_overflow)
    __mathlib_dbl_underflow                  0x08002db9   Thumb Code    10  dunder.o(i.__mathlib_dbl_underflow)
    __scatterload_copy                       0x08002dc9   Thumb Code    14  handlers.o(i.__scatterload_copy)
    __scatterload_null                       0x08002dd7   Thumb Code     2  handlers.o(i.__scatterload_null)
    __scatterload_zeroinit                   0x08002dd9   Thumb Code    14  handlers.o(i.__scatterload_zeroinit)
    __set_errno                              0x08002de9   Thumb Code     6  errno.o(i.__set_errno)
    pow                                      0x08002df5   Thumb Code  2478  pow.o(i.pow)
    sqrt                                     0x080037ad   Thumb Code    76  sqrt.o(i.sqrt)
    F6x8                                     0x080037f8   Data         552  oled.o(.constdata)
    F8X16                                    0x08003a20   Data        1520  oled.o(.constdata)
    __mathlib_zero                           0x08004098   Data           8  qnan.o(.constdata)
    Region$$Table$$Base                      0x080040a0   Number         0  anon$$obj.o(Region$$Table)
    Region$$Table$$Limit                     0x080040c0   Number         0  anon$$obj.o(Region$$Table)
    SystemCoreClock                          0x20000000   Data           4  system_stm32f10x.o(.data)
    AHBPrescTable                            0x20000004   Data          16  system_stm32f10x.o(.data)
    ADC_ConvertedValueLocal                  0x20000028   Data           8  main.o(.data)
    ADC_ConvertedValue                       0x20000030   Data           4  bsp_adc.o(.data)
    Hzk                                      0x20000038   Data         768  oled.o(.data)
    __initial_sp                             0x20000740   Data           0  startup_stm32f10x_hd.o(STACK)



==============================================================================

Memory Map of the image

  Image Entry point : 0x08000131

  Load Region LR_IROM1 (Base: 0x08000000, Size: 0x000043fc, Max: 0x00080000, ABSOLUTE, COMPRESSED[0x00004230])

    Execution Region ER_IROM1 (Base: 0x08000000, Size: 0x000040c0, Max: 0x00080000, ABSOLUTE)

    Base Addr    Size         Type   Attr      Idx    E Section Name        Object

    0x08000000   0x00000130   Data   RO            3    RESET               startup_stm32f10x_hd.o
    0x08000130   0x00000000   Code   RO          615  * .ARM.Collect$$$$00000000  mc_w.l(entry.o)
    0x08000130   0x00000004   Code   RO          657    .ARM.Collect$$$$00000001  mc_w.l(entry2.o)
    0x08000134   0x00000004   Code   RO          660    .ARM.Collect$$$$00000004  mc_w.l(entry5.o)
    0x08000138   0x00000000   Code   RO          662    .ARM.Collect$$$$00000008  mc_w.l(entry7b.o)
    0x08000138   0x00000000   Code   RO          664    .ARM.Collect$$$$0000000A  mc_w.l(entry8b.o)
    0x08000138   0x00000008   Code   RO          665    .ARM.Collect$$$$0000000B  mc_w.l(entry9a.o)
    0x08000140   0x00000000   Code   RO          667    .ARM.Collect$$$$0000000D  mc_w.l(entry10a.o)
    0x08000140   0x00000000   Code   RO          669    .ARM.Collect$$$$0000000F  mc_w.l(entry11a.o)
    0x08000140   0x00000004   Code   RO          658    .ARM.Collect$$$$00002712  mc_w.l(entry2.o)
    0x08000144   0x00000024   Code   RO            4    .text               startup_stm32f10x_hd.o
    0x08000168   0x000001e0   Code   RO           24    .text               system_stm32f10x.o
    0x08000348   0x000000dc   Code   RO          121    .text               misc.o
    0x08000424   0x0000044e   Code   RO          137    .text               stm32f10x_adc.o
    0x08000872   0x00000002   PAD
    0x08000874   0x00000254   Code   RO          221    .text               stm32f10x_dma.o
    0x08000ac8   0x0000035c   Code   RO          269    .text               stm32f10x_gpio.o
    0x08000e24   0x000003a4   Code   RO          317    .text               stm32f10x_rcc.o
    0x080011c8   0x00000408   Code   RO          379    .text               stm32f10x_usart.o
    0x080015d0   0x000003e0   Code   RO          403    .text               main.o
    0x080019b0   0x0000001a   Code   RO          451    .text               stm32f10x_it.o
    0x080019ca   0x00000002   PAD
    0x080019cc   0x0000012c   Code   RO          466    .text               bsp_adc.o
    0x08001af8   0x000001a4   Code   RO          481    .text               bsp_usart.o
    0x08001c9c   0x000000d4   Code   RO          508    .text               delay.o
    0x08001d70   0x0000060c   Code   RO          537    .text               oled.o
    0x0800237c   0x0000000c   Code   RO          559    .text               sys.o
    0x08002388   0x000001e0   Code   RO          571    .text               system.o
    0x08002568   0x0000007c   Code   RO          622    .text               mf_w.l(fdiv.o)
    0x080025e4   0x0000014e   Code   RO          624    .text               mf_w.l(dadd.o)
    0x08002732   0x000000e4   Code   RO          626    .text               mf_w.l(dmul.o)
    0x08002816   0x000000de   Code   RO          628    .text               mf_w.l(ddiv.o)
    0x080028f4   0x0000000a   Code   RO          630    .text               mf_w.l(ffltui.o)
    0x080028fe   0x00000032   Code   RO          632    .text               mf_w.l(ffixi.o)
    0x08002930   0x00000026   Code   RO          634    .text               mf_w.l(f2d.o)
    0x08002956   0x00000038   Code   RO          636    .text               mf_w.l(d2f.o)
    0x0800298e   0x0000001e   Code   RO          671    .text               mc_w.l(llshl.o)
    0x080029ac   0x00000024   Code   RO          673    .text               mc_w.l(llsshr.o)
    0x080029d0   0x00000000   Code   RO          682    .text               mc_w.l(iusefp.o)
    0x080029d0   0x0000006e   Code   RO          683    .text               mf_w.l(fepilogue.o)
    0x08002a3e   0x000000ba   Code   RO          685    .text               mf_w.l(depilogue.o)
    0x08002af8   0x0000002e   Code   RO          687    .text               mf_w.l(dscalb.o)
    0x08002b26   0x000000a2   Code   RO          689    .text               mf_w.l(dsqrt.o)
    0x08002bc8   0x00000022   Code   RO          691    .text               mf_w.l(dflti.o)
    0x08002bea   0x00000002   PAD
    0x08002bec   0x00000030   Code   RO          695    .text               mf_w.l(cdrcmple.o)
    0x08002c1c   0x00000024   Code   RO          697    .text               mc_w.l(init.o)
    0x08002c40   0x00000020   Code   RO          699    .text               mc_w.l(llushr.o)
    0x08002c60   0x00000056   Code   RO          709    .text               mc_w.l(__dczerorl2.o)
    0x08002cb6   0x00000028   Code   RO          652    i.__ARM_fpclassify  m_ws.l(fpclassify.o)
    0x08002cde   0x000000aa   Code   RO          654    i.__kernel_poly     m_ws.l(poly.o)
    0x08002d88   0x00000010   Code   RO          638    i.__mathlib_dbl_divzero  m_ws.l(dunder.o)
    0x08002d98   0x00000004   Code   RO          640    i.__mathlib_dbl_infnan2  m_ws.l(dunder.o)
    0x08002d9c   0x0000000c   Code   RO          641    i.__mathlib_dbl_invalid  m_ws.l(dunder.o)
    0x08002da8   0x0000000e   Code   RO          642    i.__mathlib_dbl_overflow  m_ws.l(dunder.o)
    0x08002db6   0x00000002   PAD
    0x08002db8   0x00000010   Code   RO          644    i.__mathlib_dbl_underflow  m_ws.l(dunder.o)
    0x08002dc8   0x0000000e   Code   RO          703    i.__scatterload_copy  mc_w.l(handlers.o)
    0x08002dd6   0x00000002   Code   RO          704    i.__scatterload_null  mc_w.l(handlers.o)
    0x08002dd8   0x0000000e   Code   RO          705    i.__scatterload_zeroinit  mc_w.l(handlers.o)
    0x08002de6   0x00000002   PAD
    0x08002de8   0x0000000c   Code   RO          677    i.__set_errno       mc_w.l(errno.o)
    0x08002df4   0x000009b8   Code   RO          598    i.pow               m_ws.l(pow.o)
    0x080037ac   0x0000004c   Code   RO          608    i.sqrt              m_ws.l(sqrt.o)
    0x080037f8   0x00000818   Data   RO          538    .constdata          oled.o
    0x08004010   0x00000088   Data   RO          599    .constdata          m_ws.l(pow.o)
    0x08004098   0x00000008   Data   RO          656    .constdata          m_ws.l(qnan.o)
    0x080040a0   0x00000020   Data   RO          701    Region$$Table       anon$$obj.o


    Execution Region RW_IRAM1 (Base: 0x20000000, Size: 0x00000740, Max: 0x00010000, ABSOLUTE, COMPRESSED[0x00000170])

    Base Addr    Size         Type   Attr      Idx    E Section Name        Object

    0x20000000   0x00000014   Data   RW           25    .data               system_stm32f10x.o
    0x20000014   0x00000014   Data   RW          318    .data               stm32f10x_rcc.o
    0x20000028   0x00000008   Data   RW          404    .data               main.o
    0x20000030   0x00000004   Data   RW          467    .data               bsp_adc.o
    0x20000034   0x00000004   Data   RW          509    .data               delay.o
    0x20000038   0x00000300   Data   RW          539    .data               oled.o
    0x20000338   0x00000004   Data   RW          678    .data               mc_w.l(errno.o)
    0x2000033c   0x00000004   PAD
    0x20000340   0x00000400   Zero   RW            1    STACK               startup_stm32f10x_hd.o


==============================================================================

Image component sizes


      Code (inc. data)   RO Data    RW Data    ZI Data      Debug   Object Name

       300         16          0          4          0       1545   bsp_adc.o
       420          8          0          0          0       2538   bsp_usart.o
         0          0          0          0          0       4504   core_cm3.o
       212         18          0          4          0       1063   delay.o
       992         56          0          8          0       3593   main.o
       220         22          0          0          0       1861   misc.o
      1548         32       2072        768          0       6607   oled.o
        36          8        304          0       1024        872   startup_stm32f10x_hd.o
      1102         26          0          0          0      10889   stm32f10x_adc.o
       596          8          0          0          0       4386   stm32f10x_dma.o
       860         38          0          0          0       5701   stm32f10x_gpio.o
        26          0          0          0          0       1234   stm32f10x_it.o
       932         36          0         20          0       8892   stm32f10x_rcc.o
      1032         22          0          0          0       8428   stm32f10x_usart.o
        12          0          0          0          0        477   sys.o
       480         16          0          0          0      16838   system.o
       480         38          0         20          0     249031   system_stm32f10x.o

    ----------------------------------------------------------------------
      9252        344       2408        824       1024     328459   Object Totals
         0          0         32          0          0          0   (incl. Generated)
         4          0          0          0          0          0   (incl. Padding)

    ----------------------------------------------------------------------

      Code (inc. data)   RO Data    RW Data    ZI Data      Debug   Library Member Name

        62         10          0          0          0        340   dunder.o
        40          0          0          0          0         68   fpclassify.o
       170          0          0          0          0         96   poly.o
      2488        190        136          0          0        300   pow.o
         0          0          8          0          0          0   qnan.o
        76          0          0          0          0         84   sqrt.o
        86          0          0          0          0          0   __dczerorl2.o
         0          0          0          0          0          0   entry.o
         0          0          0          0          0          0   entry10a.o
         0          0          0          0          0          0   entry11a.o
         8          4          0          0          0          0   entry2.o
         4          0          0          0          0          0   entry5.o
         0          0          0          0          0          0   entry7b.o
         0          0          0          0          0          0   entry8b.o
         8          4          0          0          0          0   entry9a.o
        12          6          0          4          0         68   errno.o
        30          0          0          0          0          0   handlers.o
        36          8          0          0          0         68   init.o
         0          0          0          0          0          0   iusefp.o
        30          0          0          0          0         68   llshl.o
        36          0          0          0          0         68   llsshr.o
        32          0          0          0          0         68   llushr.o
        48          0          0          0          0         68   cdrcmple.o
        56          0          0          0          0         88   d2f.o
       334          0          0          0          0        148   dadd.o
       222          0          0          0          0        100   ddiv.o
       186          0          0          0          0        176   depilogue.o
        34          0          0          0          0         76   dflti.o
       228          0          0          0          0         96   dmul.o
        46          0          0          0          0         80   dscalb.o
       162          0          0          0          0        100   dsqrt.o
        38          0          0          0          0         68   f2d.o
       124          0          0          0          0         88   fdiv.o
       110          0          0          0          0        168   fepilogue.o
        50          0          0          0          0         68   ffixi.o
        10          0          0          0          0         68   ffltui.o

    ----------------------------------------------------------------------
      4772        222        144          4          4       2620   Library Totals
         6          0          0          0          4          0   (incl. Padding)

    ----------------------------------------------------------------------

      Code (inc. data)   RO Data    RW Data    ZI Data      Debug   Library Name

      2836        200        144          0          0        888   m_ws.l
       282         22          0          4          0        340   mc_w.l
      1648          0          0          0          0       1392   mf_w.l

    ----------------------------------------------------------------------
      4772        222        144          4          4       2620   Library Totals

    ----------------------------------------------------------------------

==============================================================================


      Code (inc. data)   RO Data    RW Data    ZI Data      Debug   

     14024        566       2552        828       1028     328711   Grand Totals
     14024        566       2552        368       1028     328711   ELF Image Totals (compressed)
     14024        566       2552        368          0          0   ROM Totals

==============================================================================

    Total RO  Size (Code + RO Data)                16576 (  16.19kB)
    Total RW  Size (RW Data + ZI Data)              1856 (   1.81kB)
    Total ROM Size (Code + RO Data + RW Data)      16944 (  16.55kB)

==============================================================================

