<html>
<body>
<pre>
<h1>礦ision Build Log</h1>
<h2>Tool Versions:</h2>
IDE-Version: μVision V5.15
Copyright (C) 2015 ARM Ltd and ARM Germany GmbH. All rights reserved.
License Information: zw AutoBVT, Microsoft, LIC=LSNJJ-UR47J-V13P8-3M93J-XTR5L-WL3CM
 
Tool Versions:
Toolchain:       MDK-ARM Standard  Version: 5.15.0
Toolchain Path:  D:\stm32MDK\ARM\ARMCC\Bin
C Compiler:      Armcc.exe V5.05 update 2 (build 169)
Assembler:       Armasm.exe V5.05 update 2 (build 169)
Linker/Locator:  ArmLink.exe V5.05 update 2 (build 169)
Library Manager: ArmAr.exe V5.05 update 2 (build 169)
Hex Converter:   FromElf.exe V5.05 update 2 (build 169)
CPU DLL:         SARMCM3.DLL V5.15.0
Dialog DLL:      DARMSTM.DLL V1.65.0.0
Target DLL:      Segger\JL2CM3.dll V2.99.15.0
Dialog DLL:      TARMSTM.DLL V1.64.0.0
 
<h2>Project:</h2>
E:\研一下\WiFi\（库函数版本，适合战舰V3和精英STM32开发板）扩展实验13 ATK-ESP8266 WIFI模块测试实验\USER\ATK_ESP8266.uvprojx
Project File Date:  05/08/2018

<h2>Output:</h2>
*** Using Compiler 'V5.05 update 2 (build 169)', folder: 'D:\stm32MDK\ARM\ARMCC\Bin'
Rebuild target 'Target 1'
compiling main.c...
compiling stm32f10x_it.c...
compiling system_stm32f10x.c...
compiling core_cm3.c...
assembling startup_stm32f10x_hd.s...
compiling delay.c...
compiling sys.c...
compiling usart.c...
compiling 24cxx.c...
compiling myiic.c...
compiling key.c...
compiling lcd.c...
compiling led.c...
compiling sdio_sdcard.c...
compiling spi.c...
compiling timer.c...
compiling ctiic.c...
compiling ft5206.c...
compiling gt9147.c...
compiling ott2001a.c...
compiling touch.c...
compiling usart3.c...
compiling w25qxx.c...
compiling misc.c...
compiling stm32f10x_dma.c...
compiling stm32f10x_exti.c...
compiling stm32f10x_fsmc.c...
compiling stm32f10x_gpio.c...
compiling stm32f10x_rcc.c...
compiling stm32f10x_sdio.c...
compiling stm32f10x_spi.c...
compiling stm32f10x_tim.c...
compiling stm32f10x_usart.c...
compiling malloc.c...
compiling usmart.c...
compiling usmart_config.c...
compiling usmart_str.c...
compiling diskio.c...
compiling ff.c...
compiling exfuns.c...
compiling mycc936.c...
compiling fattester.c...
compiling fontupd.c...
compiling text.c...
compiling apsta.c...
compiling common.c...
..\ATK-ESP8266\common.c(365): warning:  #177-D: variable "key" was declared but never referenced
        u8 key=0,t=0,*p;
..\ATK-ESP8266\common.c(365): warning:  #177-D: variable "t" was declared but never referenced
        u8 key=0,t=0,*p;
..\ATK-ESP8266\common.c(467): warning:  #177-D: variable "timex" was declared but never referenced
        u8 timex=0;  
..\ATK-ESP8266\common.c(572): warning:  #177-D: variable "key" was declared but never referenced
        u8 key;
..\ATK-ESP8266\common.c: 4 warnings, 0 errors
compiling wifiap.c...
compiling wifista.c...
..\ATK-ESP8266\wifista.c(230): warning:  #111-D: statement is unreachable
        myfree(SRAMIN,p);               //?头??诖? 
..\ATK-ESP8266\wifista.c(24): warning:  #550-D: variable "key" was set but never used
        u8 key;
..\ATK-ESP8266\wifista.c(25): warning:  #550-D: variable "timex" was set but never used
        u8 timex=0; 
..\ATK-ESP8266\wifista.c: 3 warnings, 0 errors
linking...
Program Size: Code=30748 RO-data=7360 RW-data=588 ZI-data=1095900  
FromELF: creating hex file...
"..\OBJ\ATK_ESP8266.axf" - 0 Error(s), 7 Warning(s).

<h2>Collection of Component include folders:</h2>
  E:\研一下\WiFi\（库函数版本，适合战舰V3和精英STM32开发板）扩展实验13 ATK-ESP8266 WIFI模块测试实验\USER\RTE
  D:\stm32MDK\ARM\PACK\Keil\STM32F1xx_DFP\2.2.0\Device\Include

<h2>Collection of Component Files used:</h2>
</pre>
</body>
</html>
